[
    {
        "code": "area1",
        "name": "Area 1"
    }
]
