[
    {
        "code": "1",
        "name": "Contractor 1",
        "email": "contractor1@consultancy1.com",
        "start_date": "2023-01-01",
        "phone_number": null,
        "end_date": null,
        "assessments": [
            {
                "completed_on": "2023-01-01",
                "leadership": 0.5,
                "technical": 0.5,
                "practice": 1.0
            }
        ],
        "consultancy_code": "1",
        "tag": "Contractor"
    }
]
