[
    {
        "code": "1",
        "name": "Employee 1",
        "email": "employee1.name@mycompany.com",
        "start_date": "2021-01-01",
        "phone_number": null,
        "end_date": null
    }
]
