[
    {
        "code": "1",
        "name": "Contractor 1",
        "email": "contractor1@consultancy1.com",
        "start_date": "2023-01-01",
        "phone_number": null,
        "end_date": null,
        "assessments": [],
        "consultancy_code": "1"
    },
    {
        "code": "2",
        "name": "Contractor 2",
        "email": "contractor2@consultancy1.com",
        "start_date": "2023-01-01",
        "phone_number": null,
        "end_date": null,
        "assessments": [],
        "consultancy_code": "1"
    }
]
