[
    {
        "code": "1",
        "name": "Consultancy 1",
        "contract": "CTR001",
        "contact_name": "Someone",
        "contact_phone": "647-555-1212",
        "contact_email": "someone@consultancy1.com",
        "invoices": [
            {
                "number": "123",
                "paid_date": null,
                "issue_date": "2023-01-07",
                "line_items": [
                    {
                        "description": "Expenses for first week",
                        "amount": "100",
                        "taxable": false,
                        "contractor_code": "1",
                        "tag": "Expense"
                    }
                ]
            }
        ]
    }
]
