[
    {
        "code": "1",
        "name": "Consultancy 1",
        "contract": "CTR00123",
        "contact_name": "Someone",
        "contact_phone": "647-555-1212",
        "contact_email": "someone@somewhere.com",
        "invoices": []
    }
]
