[
    {
        "transit": 1,
        "name": "Bank 1",
        "total": {
            "root": "1000"
        },
        "start_date": "2023-01-01",
        "end_date": "2023-12-31"
    }
]
