[
    {
        "number": "1",
        "contractor_code": "1",
        "hours": 10,
        "rate": {
            "root": "100"
        },
        "start_date": "2021-01-01",
        "end_date": "2021-12-31"
    }
]
