
Transaction Agreements

[1m[4mContractor[0m      [1m[4mNumber[0m    [1m[4mHours[0m  [1m[4mRate[0m     [1m[4mStart[0m       [1m[4mEnd[0m
Contractor 1         1      100  $100.00  2023-01-01  2023-12-31
