
Consultancies

  [1m[4mCode[0m  [1m[4mName[0m             [1m[4mContractors[0m
     1  Consultancy 1              1
