
Contractors

  [1m[4mCode[0m  [1m[4mName[0m          [1m[4mConsultancy[0m      [1m[4mAgreement[0m  [1m[4mRate[0m       [1m[4mHours[0m  [1m[4mStart[0m       [1m[4mEnd[0m
     1  Contractor 1  Consultancy 1            1  $100.00      100  2023-01-01  2023-12-31
