{
    "fiscal_start_month": 11,
    "stat_holidays_per_year": 9,
    "statutory_holiday_list": [
        "2022-12-26",
        "2022-12-27",
        "2023-01-02",
        "2023-02-20",
        "2023-04-07",
        "2023-05-22",
        "2023-07-03",
        "2023-08-07",
        "2023-09-04",
        "2023-10-09",
        "2023-12-25",
        "2023-12-26",
        "2024-01-01",
        "2024-02-19",
        "2024-04-01",
        "2024-05-20",
        "2024-07-01",
        "2024-08-05",
        "2024-09-02",
        "2024-10-14",
        "2024-12-25",
        "2024-12-26"
    ],
    "expected_weeks_holidays": 4,
    "standard_hours_per_day": "7.5",
    "consultancies": [],
    "employees": [],
    "contractors": [],
    "transaction_agreements": [],
    "funding_sources": [],
    "support_areas": [],
    "support_plans": [],
    "area_assignments": []
}
